# command used to create these files:
create.py --cores 4x4 --corex 1mm --corey 2mm --subcore-template gainestown_core.flp --out test/actual/gainestown_4x4_wrong_explicit_size
